// Jest Snapshot v1, https://goo.gl/fbAQLP

exports[`matches snapshot 1`] = `
Array [
  <li>
    <label
      data-testid="checkbox-text"
    >
      <input
        checked={true}
        data-testid="checkbox"
        name="Category 1"
        onChange={[Function]}
        type="checkbox"
      />
      Category 1
    </label>
  </li>,
  <li>
    <label
      data-testid="checkbox-text"
    >
      <input
        checked={true}
        data-testid="checkbox"
        name="Category 2"
        onChange={[Function]}
        type="checkbox"
      />
      Category 2
    </label>
  </li>,
  <li>
    <label
      data-testid="checkbox-text"
    >
      <input
        checked={true}
        data-testid="checkbox"
        name="Category 3"
        onChange={[Function]}
        type="checkbox"
      />
      Category 3
    </label>
  </li>,
  <li>
    <label
      data-testid="checkbox-text"
    >
      <input
        checked={true}
        data-testid="checkbox"
        name="Category 4"
        onChange={[Function]}
        type="checkbox"
      />
      Category 4
    </label>
  </li>,
  <li>
    <label
      data-testid="checkbox-text"
    >
      <input
        checked={true}
        data-testid="checkbox"
        name="Category 5"
        onChange={[Function]}
        type="checkbox"
      />
      Category 5
    </label>
  </li>,
]
`;
